// Jest Snapshot v1, https://goo.gl/fbAQLP

exports[`renders the navbar component 1`] = `
<DocumentFragment>
  <header
    class="head first"
  >
    <div
      class="logo flex"
    >
      <img
        alt="space travel's logo"
        class="logo-on"
        src="planet.png"
      />
      <h1
        class="logo-word"
      >
        Space Travellers Hub
      </h1>
    </div>
    <ul
      class="Navigation flex"
    >
      <li>
        <a
          aria-current="page"
          class="active"
          href="/"
        >
          Rockets
        </a>
      </li>
      <li>
        <a
          class=""
          href="/missions"
        >
          Missions
        </a>
      </li>
      <li>
        <a
          class=""
          href="/my_profile"
        >
          My Profile
        </a>
      </li>
    </ul>
  </header>
</DocumentFragment>
`;
